ExpansionTraderRolf.BANDIT_GENERAL|3242.330000 3.051017 1724.580000|26.002310 0.000000 0.000000|Military_Sweater_Black,Poncho_Black,Shemagh_Black,CargoPants_Black,CombatBoots_Black,MMG_JPC_Vest_black,mmg_tactical_gloves_black
ExpansionTraderPeter.BANDIT_CARS|0.000000 0.000000 0.000000|-10.828560 0.000000 0.000000|Fingerless_Gloves,Military_Sweater_Black,Poncho_Black,Shemagh_Black,Tactical_Leg_Holster_Black,CargoPants_Black,CombatBoots_Black,MMG_tt_Vest_black
ExpansionTraderKaito.BANDIT_CLOTHING|3223.720000 3.119280 1751.140000|-146.305000 0.000000 0.000000|BalaclavaMask_Blackskull,BallisticHelmet_Black,CombatBoots_Black,CargoPants_Black,DesignerGlasses,Fingerless_Gloves_Wool_Black,Defender_Vest_Black,Military_Sweater_Black
ExpansionTraderHassan.BANDIT_BOATS|3159.230000 0.956429 1746.250000|-61.238980 0.000000 0.000000|BeanieHat_Black,M65Jacket_Black,PlateCarrierVest_Black,MMG_camelback_black,MMG_facemask_joker,mmg_tactical_gloves_black,MMG_tactical_helmet_black,Jeans_Black
ExpansionTraderElias.BANDIT_WEAPONS|3216.424000 3.017878 1754.212000|-154.814500 0.000000 0.000000|MMG_facemask_black,MMG_boots_black,mmg_armored_helmet_black,mmg_tactical_gloves_black,MMG_MK_III_Armor_black,MMG_headphones_black,MMG_falcon_b1_belt_black,Jeans_Black,M65Jacket_Black,SNAFU_AK12A,SNAFU_AK12_Mag,SNAFU_AKEOTech_EXPS
