ExpansionTraderGabi.HERO_GENERAL|6414.630000 3.501967 1044.070000|106.262300 0.000000 0.000000|MMG_tt_vest_Welliton_UCP,mmg_tactical_pants_Welliton_UCP,MMG_tactical_shirt_Welliton_UCP,MMG_Mag_Pouch_Welliton_UCP,MMG_headphones_Welliton_UCP,MMG_tactical_helmet_Welliton_UCP,MMG_ballistic_earcover_Welliton_UCP,mmg_tactical_gloves_black,MMG_boots_black
ExpansionTraderJudy.HERO_CARS|0.000000 0.000000 0.000000|129.229300 0.000000 0.000000|MMG_tt_vest_Welliton_UCP,mmg_tactical_pants_Welliton_UCP,MMG_tactical_shirt_Welliton_UCP,MMG_Mag_Pouch_Welliton_UCP,MMG_headphones_Welliton_UCP,MMG_tactical_helmet_Welliton_UCP,MMG_ballistic_earcover_Welliton_UCP,mmg_tactical_gloves_black,MMG_boots_black
ExpansionTraderKeiko.HERO_CLOTHING|6425.430000 2.669977 1043.501000|106.519900 0.000000 0.000000|MMG_tt_vest_Welliton_UCP,mmg_tactical_pants_Welliton_UCP,MMG_tactical_shirt_Welliton_UCP,MMG_Mag_Pouch_Welliton_UCP,MMG_headphones_Welliton_UCP,MMG_tactical_helmet_Welliton_UCP,MMG_ballistic_earcover_Welliton_UCP,mmg_tactical_gloves_black,MMG_boots_black
ExpansionTraderNaomi.HERO_WEAPONS|6425.800000 2.670010 1038.470000|20.157360 0.000000 0.000000|MMG_tt_vest_Welliton_UCP,mmg_tactical_pants_Welliton_UCP,MMG_tactical_shirt_Welliton_UCP,MMG_Mag_Pouch_Welliton_UCP,MMG_headphones_Welliton_UCP,MMG_tactical_helmet_Welliton_UCP,MMG_ballistic_earcover_Welliton_UCP,mmg_tactical_gloves_black,MMG_boots_black,GCGN_HK416,GCGN_HK416_Mag,SNAFU_Normalized_Suppressor_Black,SNAFU_Walther
ExpansionTraderIrena.HERO_BOATS|6471.888000 2.332817 1040.419000|-81.614380 0.000000 0.000000|MMG_tt_vest_Welliton_UCP,mmg_tactical_pants_Welliton_UCP,MMG_tactical_shirt_Welliton_UCP,MMG_Mag_Pouch_Welliton_UCP,MMG_headphones_Welliton_UCP,MMG_tactical_helmet_Welliton_UCP,MMG_ballistic_earcover_Welliton_UCP,mmg_tactical_gloves_black,MMG_boots_black
